----------------------------------------
Exception occurred during processing of request from ('127.0.0.1', 55114)
Traceback (most recent call last):
  File "C:\Users\Avi_k\AppData\Local\Programs\Python\Python311\Lib\socketserver.py", line 317, in _handle_request_noblock
    self.process_request(request, client_address)
  File "C:\Users\Avi_k\AppData\Local\Programs\Python\Python311\Lib\socketserver.py", line 348, in process_request
    self.finish_request(request, client_address)
  File "C:\Users\Avi_k\AppData\Local\Programs\Python\Python311\Lib\socketserver.py", line 361, in finish_request
    self.RequestHandlerClass(request, client_address, self)
  File "C:\Users\Avi_k\AppData\Local\Programs\Python\Python311\Lib\socketserver.py", line 755, in __init__
    self.handle()
  File "C:\Users\Avi_k\AppData\Local\Programs\Python\Python311\Lib\http\server.py", line 436, in handle
    self.handle_one_request()
  File "C:\Users\Avi_k\AppData\Local\Programs\Python\Python311\Lib\http\server.py", line 424, in handle_one_request
    method()
  File "C:\Users\Avi_k\Downloads\aircraft\deployment\dashboard.py", line 235, in do_GET
    self._serve_dashboard()
  File "C:\Users\Avi_k\Downloads\aircraft\deployment\dashboard.py", line 264, in _serve_dashboard
    self.wfile.write(html.encode("utf-8"))
  File "C:\Users\Avi_k\AppData\Local\Programs\Python\Python311\Lib\socketserver.py", line 834, in write
    self._sock.sendall(b)
ConnectionAbortedError: [WinError 10053] An established connection was aborted by the software in your host machine
----------------------------------------
----------------------------------------
Exception occurred during processing of request from ('127.0.0.1', 53962)
Traceback (most recent call last):
  File "C:\Users\Avi_k\AppData\Local\Programs\Python\Python311\Lib\socketserver.py", line 317, in _handle_request_noblock
    self.process_request(request, client_address)
  File "C:\Users\Avi_k\AppData\Local\Programs\Python\Python311\Lib\socketserver.py", line 348, in process_request
    self.finish_request(request, client_address)
  File "C:\Users\Avi_k\AppData\Local\Programs\Python\Python311\Lib\socketserver.py", line 361, in finish_request
    self.RequestHandlerClass(request, client_address, self)
  File "C:\Users\Avi_k\AppData\Local\Programs\Python\Python311\Lib\socketserver.py", line 755, in __init__
    self.handle()
  File "C:\Users\Avi_k\AppData\Local\Programs\Python\Python311\Lib\http\server.py", line 436, in handle
    self.handle_one_request()
  File "C:\Users\Avi_k\AppData\Local\Programs\Python\Python311\Lib\http\server.py", line 424, in handle_one_request
    method()
  File "C:\Users\Avi_k\Downloads\aircraft\deployment\dashboard.py", line 243, in do_GET
    self._serve_json({"status": "healthy"})
  File "C:\Users\Avi_k\Downloads\aircraft\deployment\dashboard.py", line 278, in _serve_json
    self.wfile.write(json.dumps(data, default=str).encode())
  File "C:\Users\Avi_k\AppData\Local\Programs\Python\Python311\Lib\socketserver.py", line 834, in write
    self._sock.sendall(b)
ConnectionAbortedError: [WinError 10053] An established connection was aborted by the software in your host machine
----------------------------------------
